<?xml version="1.0" encoding="ISO-8859-1" ?>
<link_info>
   <banner>TI ARM Linker PC v18.12.3.LTS</banner>
   <copyright>Copyright (c) 1996-2018 Texas Instruments Incorporated</copyright>
   <link_time>0x5fd84579</link_time>
   <link_errors>0x0</link_errors>
   <output_file>usb_dev_bulk.out</output_file>
   <entry_point>
      <name>_c_int00_noargs</name>
      <address>0x4755</address>
   </entry_point>
   <input_file_list>
      <input_file id="fl-2">
         <path>.\</path>
         <kind>object</kind>
         <file>startup_ccs.obj</file>
         <name>startup_ccs.obj</name>
      </input_file>
      <input_file id="fl-3">
         <path>.\</path>
         <kind>object</kind>
         <file>usb_bulk_structs.obj</file>
         <name>usb_bulk_structs.obj</name>
      </input_file>
      <input_file id="fl-4">
         <path>.\</path>
         <kind>object</kind>
         <file>usb_dev_bulk.obj</file>
         <name>usb_dev_bulk.obj</name>
      </input_file>
      <input_file id="fl-5">
         <path>.\utils\</path>
         <kind>object</kind>
         <file>uartstdio.obj</file>
         <name>uartstdio.obj</name>
      </input_file>
      <input_file id="fl-6">
         <path>.\utils\</path>
         <kind>object</kind>
         <file>ustdlib.obj</file>
         <name>ustdlib.obj</name>
      </input_file>
      <input_file id="fl-c">
         <kind>object</kind>
         <file>&lt;internal&gt;</file>
         <name>&lt;internal&gt;</name>
      </input_file>
      <input_file id="fl-c2">
         <path>C:\ti\ccs920\ccs\tools\compiler\ti-cgt-arm_18.12.3.LTS\lib\</path>
         <kind>archive</kind>
         <file>rtsv7M4_T_le_v4SPD16_eabi.lib</file>
         <name>sprintf.c.obj</name>
      </input_file>
      <input_file id="fl-c3">
         <path>C:\ti\ccs920\ccs\tools\compiler\ti-cgt-arm_18.12.3.LTS\lib\</path>
         <kind>archive</kind>
         <file>rtsv7M4_T_le_v4SPD16_eabi.lib</file>
         <name>memcpy_t2.asm.obj</name>
      </input_file>
      <input_file id="fl-c4">
         <path>C:\ti\ccs920\ccs\tools\compiler\ti-cgt-arm_18.12.3.LTS\lib\</path>
         <kind>archive</kind>
         <file>rtsv7M4_T_le_v4SPD16_eabi.lib</file>
         <name>u_divt2.asm.obj</name>
      </input_file>
      <input_file id="fl-c5">
         <path>C:\ti\ccs920\ccs\tools\compiler\ti-cgt-arm_18.12.3.LTS\lib\</path>
         <kind>archive</kind>
         <file>rtsv7M4_T_le_v4SPD16_eabi.lib</file>
         <name>copy_zero_init.c.obj</name>
      </input_file>
      <input_file id="fl-c6">
         <path>C:\ti\ccs920\ccs\tools\compiler\ti-cgt-arm_18.12.3.LTS\lib\</path>
         <kind>archive</kind>
         <file>rtsv7M4_T_le_v4SPD16_eabi.lib</file>
         <name>copy_decompress_none.c.obj</name>
      </input_file>
      <input_file id="fl-c7">
         <path>C:\ti\ccs920\ccs\tools\compiler\ti-cgt-arm_18.12.3.LTS\lib\</path>
         <kind>archive</kind>
         <file>rtsv7M4_T_le_v4SPD16_eabi.lib</file>
         <name>copy_decompress_lzss.c.obj</name>
      </input_file>
      <input_file id="fl-c8">
         <path>C:\ti\ccs920\ccs\tools\compiler\ti-cgt-arm_18.12.3.LTS\lib\</path>
         <kind>archive</kind>
         <file>rtsv7M4_T_le_v4SPD16_eabi.lib</file>
         <name>strlen.c.obj</name>
      </input_file>
      <input_file id="fl-c9">
         <path>C:\ti\ccs920\ccs\tools\compiler\ti-cgt-arm_18.12.3.LTS\lib\</path>
         <kind>archive</kind>
         <file>rtsv7M4_T_le_v4SPD16_eabi.lib</file>
         <name>boot_cortex_m.c.obj</name>
      </input_file>
      <input_file id="fl-ca">
         <path>C:\ti\ccs920\ccs\tools\compiler\ti-cgt-arm_18.12.3.LTS\lib\</path>
         <kind>archive</kind>
         <file>rtsv7M4_T_le_v4SPD16_eabi.lib</file>
         <name>_printfi.c.obj</name>
      </input_file>
      <input_file id="fl-cb">
         <path>C:\ti\ccs920\ccs\tools\compiler\ti-cgt-arm_18.12.3.LTS\lib\</path>
         <kind>archive</kind>
         <file>rtsv7M4_T_le_v4SPD16_eabi.lib</file>
         <name>wcslen.c.obj</name>
      </input_file>
      <input_file id="fl-cc">
         <path>C:\ti\ccs920\ccs\tools\compiler\ti-cgt-arm_18.12.3.LTS\lib\</path>
         <kind>archive</kind>
         <file>rtsv7M4_T_le_v4SPD16_eabi.lib</file>
         <name>div0.asm.obj</name>
      </input_file>
      <input_file id="fl-cd">
         <path>C:\ti\ccs920\ccs\tools\compiler\ti-cgt-arm_18.12.3.LTS\lib\</path>
         <kind>archive</kind>
         <file>rtsv7M4_T_le_v4SPD16_eabi.lib</file>
         <name>ull_div_t2.asm.obj</name>
      </input_file>
      <input_file id="fl-ce">
         <path>C:\ti\ccs920\ccs\tools\compiler\ti-cgt-arm_18.12.3.LTS\lib\</path>
         <kind>archive</kind>
         <file>rtsv7M4_T_le_v4SPD16_eabi.lib</file>
         <name>memset_t2.asm.obj</name>
      </input_file>
      <input_file id="fl-cf">
         <path>C:\ti\ccs920\ccs\tools\compiler\ti-cgt-arm_18.12.3.LTS\lib\</path>
         <kind>archive</kind>
         <file>rtsv7M4_T_le_v4SPD16_eabi.lib</file>
         <name>fd_add_t2.asm.obj</name>
      </input_file>
      <input_file id="fl-d0">
         <path>C:\ti\ccs920\ccs\tools\compiler\ti-cgt-arm_18.12.3.LTS\lib\</path>
         <kind>archive</kind>
         <file>rtsv7M4_T_le_v4SPD16_eabi.lib</file>
         <name>fd_cmp_t2.asm.obj</name>
      </input_file>
      <input_file id="fl-d1">
         <path>C:\ti\ccs920\ccs\tools\compiler\ti-cgt-arm_18.12.3.LTS\lib\</path>
         <kind>archive</kind>
         <file>rtsv7M4_T_le_v4SPD16_eabi.lib</file>
         <name>fd_div_t2.asm.obj</name>
      </input_file>
      <input_file id="fl-d2">
         <path>C:\ti\ccs920\ccs\tools\compiler\ti-cgt-arm_18.12.3.LTS\lib\</path>
         <kind>archive</kind>
         <file>rtsv7M4_T_le_v4SPD16_eabi.lib</file>
         <name>fd_mul_t2.asm.obj</name>
      </input_file>
      <input_file id="fl-d3">
         <path>C:\ti\ccs920\ccs\tools\compiler\ti-cgt-arm_18.12.3.LTS\lib\</path>
         <kind>archive</kind>
         <file>rtsv7M4_T_le_v4SPD16_eabi.lib</file>
         <name>fd_toi_t2.asm.obj</name>
      </input_file>
      <input_file id="fl-d4">
         <path>C:\ti\ccs920\ccs\tools\compiler\ti-cgt-arm_18.12.3.LTS\lib\</path>
         <kind>archive</kind>
         <file>rtsv7M4_T_le_v4SPD16_eabi.lib</file>
         <name>i_tofd_t2.asm.obj</name>
      </input_file>
      <input_file id="fl-d5">
         <path>C:\ti\ccs920\ccs\tools\compiler\ti-cgt-arm_18.12.3.LTS\lib\</path>
         <kind>archive</kind>
         <file>rtsv7M4_T_le_v4SPD16_eabi.lib</file>
         <name>autoinit.c.obj</name>
      </input_file>
      <input_file id="fl-d6">
         <path>C:\ti\ccs920\ccs\tools\compiler\ti-cgt-arm_18.12.3.LTS\lib\</path>
         <kind>archive</kind>
         <file>rtsv7M4_T_le_v4SPD16_eabi.lib</file>
         <name>pre_init.c.obj</name>
      </input_file>
      <input_file id="fl-d7">
         <path>C:\ti\ccs920\ccs\tools\compiler\ti-cgt-arm_18.12.3.LTS\lib\</path>
         <kind>archive</kind>
         <file>rtsv7M4_T_le_v4SPD16_eabi.lib</file>
         <name>cpy_tbl.c.obj</name>
      </input_file>
      <input_file id="fl-d8">
         <path>C:\ti\ccs920\ccs\tools\compiler\ti-cgt-arm_18.12.3.LTS\lib\</path>
         <kind>archive</kind>
         <file>rtsv7M4_T_le_v4SPD16_eabi.lib</file>
         <name>exit.c.obj</name>
      </input_file>
      <input_file id="fl-d9">
         <path>C:\ti\ccs920\ccs\tools\compiler\ti-cgt-arm_18.12.3.LTS\lib\</path>
         <kind>archive</kind>
         <file>rtsv7M4_T_le_v4SPD16_eabi.lib</file>
         <name>_lock.c.obj</name>
      </input_file>
      <input_file id="fl-da">
         <path>C:\ti\ccs920\ccs\tools\compiler\ti-cgt-arm_18.12.3.LTS\lib\</path>
         <kind>archive</kind>
         <file>rtsv7M4_T_le_v4SPD16_eabi.lib</file>
         <name>args_main.c.obj</name>
      </input_file>
      <input_file id="fl-db">
         <path>C:\ti\ccs920\ccs\tools\compiler\ti-cgt-arm_18.12.3.LTS\lib\</path>
         <kind>archive</kind>
         <file>rtsv7M4_T_le_v4SPD16_eabi.lib</file>
         <name>atoi.c.obj</name>
      </input_file>
      <input_file id="fl-dc">
         <path>C:\ti\ccs920\ccs\tools\compiler\ti-cgt-arm_18.12.3.LTS\lib\</path>
         <kind>archive</kind>
         <file>rtsv7M4_T_le_v4SPD16_eabi.lib</file>
         <name>ctype.c.obj</name>
      </input_file>
      <input_file id="fl-dd">
         <path>C:\ti\ccs920\ccs\tools\compiler\ti-cgt-arm_18.12.3.LTS\lib\</path>
         <kind>archive</kind>
         <file>rtsv7M4_T_le_v4SPD16_eabi.lib</file>
         <name>ltoa.c.obj</name>
      </input_file>
      <input_file id="fl-de">
         <path>C:\ti\ccs920\ccs\tools\compiler\ti-cgt-arm_18.12.3.LTS\lib\</path>
         <kind>archive</kind>
         <file>rtsv7M4_T_le_v4SPD16_eabi.lib</file>
         <name>memccpy.c.obj</name>
      </input_file>
      <input_file id="fl-df">
         <path>C:\ti\ccs920\ccs\tools\compiler\ti-cgt-arm_18.12.3.LTS\lib\</path>
         <kind>archive</kind>
         <file>rtsv7M4_T_le_v4SPD16_eabi.lib</file>
         <name>strchr.c.obj</name>
      </input_file>
      <input_file id="fl-e0">
         <path>C:\ti\ccs920\ccs\tools\compiler\ti-cgt-arm_18.12.3.LTS\lib\</path>
         <kind>archive</kind>
         <file>rtsv7M4_T_le_v4SPD16_eabi.lib</file>
         <name>errno.c.obj</name>
      </input_file>
      <input_file id="fl-e1">
         <path>C:\ti\ccs920\ccs\tools\compiler\ti-cgt-arm_18.12.3.LTS\lib\</path>
         <kind>archive</kind>
         <file>rtsv7M4_T_le_v4SPD16_eabi.lib</file>
         <name>s_frexp.c.obj</name>
      </input_file>
      <input_file id="fl-e2">
         <path>C:\ti\ccs920\ccs\tools\compiler\ti-cgt-arm_18.12.3.LTS\lib\</path>
         <kind>archive</kind>
         <file>rtsv7M4_T_le_v4SPD16_eabi.lib</file>
         <name>s_scalbn.c.obj</name>
      </input_file>
      <input_file id="fl-e3">
         <path>C:\ti\ccs920\ccs\tools\compiler\ti-cgt-arm_18.12.3.LTS\lib\</path>
         <kind>archive</kind>
         <file>rtsv7M4_T_le_v4SPD16_eabi.lib</file>
         <name>s_copysign.c.obj</name>
      </input_file>
      <input_file id="fl-e4">
         <path>C:\ti\TivaWare_C_Series-2.1.4.178\driverlib\ccs\Debug\</path>
         <kind>archive</kind>
         <file>driverlib.lib</file>
         <name>adc.obj</name>
      </input_file>
      <input_file id="fl-e5">
         <path>C:\ti\TivaWare_C_Series-2.1.4.178\driverlib\ccs\Debug\</path>
         <kind>archive</kind>
         <file>driverlib.lib</file>
         <name>gpio.obj</name>
      </input_file>
      <input_file id="fl-e6">
         <path>C:\ti\TivaWare_C_Series-2.1.4.178\driverlib\ccs\Debug\</path>
         <kind>archive</kind>
         <file>driverlib.lib</file>
         <name>interrupt.obj</name>
      </input_file>
      <input_file id="fl-e7">
         <path>C:\ti\TivaWare_C_Series-2.1.4.178\driverlib\ccs\Debug\</path>
         <kind>archive</kind>
         <file>driverlib.lib</file>
         <name>sysctl.obj</name>
      </input_file>
      <input_file id="fl-e8">
         <path>C:\ti\TivaWare_C_Series-2.1.4.178\driverlib\ccs\Debug\</path>
         <kind>archive</kind>
         <file>driverlib.lib</file>
         <name>cpu.obj</name>
      </input_file>
      <input_file id="fl-e9">
         <path>C:\ti\TivaWare_C_Series-2.1.4.178\usblib\ccs\Debug\</path>
         <kind>archive</kind>
         <file>usblib.lib</file>
         <name>usbbuffer.obj</name>
      </input_file>
      <input_file id="fl-ea">
         <path>C:\ti\TivaWare_C_Series-2.1.4.178\usblib\ccs\Debug\</path>
         <kind>archive</kind>
         <file>usblib.lib</file>
         <name>usbmode.obj</name>
      </input_file>
      <input_file id="fl-eb">
         <path>C:\ti\TivaWare_C_Series-2.1.4.178\usblib\ccs\Debug\</path>
         <kind>archive</kind>
         <file>usblib.lib</file>
         <name>usbringbuf.obj</name>
      </input_file>
      <input_file id="fl-ec">
         <path>C:\ti\TivaWare_C_Series-2.1.4.178\usblib\ccs\Debug\</path>
         <kind>archive</kind>
         <file>usblib.lib</file>
         <name>usbtick.obj</name>
      </input_file>
      <input_file id="fl-ed">
         <path>C:\ti\TivaWare_C_Series-2.1.4.178\usblib\ccs\Debug\</path>
         <kind>archive</kind>
         <file>usblib.lib</file>
         <name>usbhostenum.obj</name>
      </input_file>
      <input_file id="fl-ee">
         <path>C:\ti\TivaWare_C_Series-2.1.4.178\usblib\ccs\Debug\</path>
         <kind>archive</kind>
         <file>usblib.lib</file>
         <name>usbdbulk.obj</name>
      </input_file>
      <input_file id="fl-ef">
         <path>C:\ti\TivaWare_C_Series-2.1.4.178\usblib\ccs\Debug\</path>
         <kind>archive</kind>
         <file>usblib.lib</file>
         <name>usbdenum.obj</name>
      </input_file>
      <input_file id="fl-f0">
         <path>C:\ti\TivaWare_C_Series-2.1.4.178\usblib\ccs\Debug\</path>
         <kind>archive</kind>
         <file>usblib.lib</file>
         <name>usbdhandler.obj</name>
      </input_file>
      <input_file id="fl-f1">
         <path>C:\ti\TivaWare_C_Series-2.1.4.178\usblib\ccs\Debug\</path>
         <kind>archive</kind>
         <file>usblib.lib</file>
         <name>usbdesc.obj</name>
      </input_file>
      <input_file id="fl-f2">
         <path>C:\ti\TivaWare_C_Series-2.1.4.178\usblib\ccs\Debug\</path>
         <kind>archive</kind>
         <file>usblib.lib</file>
         <name>usbdma.obj</name>
      </input_file>
      <input_file id="fl-f3">
         <path>C:\ti\TivaWare_C_Series-2.1.4.178\usblib\ccs\Debug\</path>
         <kind>archive</kind>
         <file>usblib.lib</file>
         <name>usbulpi.obj</name>
      </input_file>
      <input_file id="fl-f4">
         <path>C:\ti\TivaWare_C_Series-2.1.4.178\usblib\ccs\Debug\</path>
         <kind>archive</kind>
         <file>usblib.lib</file>
         <name>usbhhub.obj</name>
      </input_file>
      <input_file id="fl-f5">
         <path>C:\ti\TivaWare_C_Series-2.1.4.178\usblib\ccs\Debug\</path>
         <kind>archive</kind>
         <file>usblib.lib</file>
         <name>usbdcdesc.obj</name>
      </input_file>
      <input_file id="fl-f6">
         <path>C:\ti\TivaWare_C_Series-2.1.4.178\usblib\ccs\Debug\</path>
         <kind>archive</kind>
         <file>usblib.lib</file>
         <name>usbdconfig.obj</name>
      </input_file>
      <input_file id="fl-f7">
         <path>C:\ti\TivaWare_C_Series-2.1.4.178\driverlib\ccs\Debug\</path>
         <kind>archive</kind>
         <file>driverlib.lib</file>
         <name>udma.obj</name>
      </input_file>
      <input_file id="fl-f8">
         <path>C:\ti\TivaWare_C_Series-2.1.4.178\driverlib\ccs\Debug\</path>
         <kind>archive</kind>
         <file>driverlib.lib</file>
         <name>usb.obj</name>
      </input_file>
   </input_file_list>
   <object_component_list>
      <object_component id="oc-f">
         <name>.intvecs</name>
         <load_address>0x0</load_address>
         <run_address>0x0</run_address>
         <size>0x26c</size>
         <input_file_ref idref="fl-2"/>
      </object_component>
      <object_component id="oc-752">
         <name>.text:__TI_printfi</name>
         <load_address>0x26c</load_address>
         <run_address>0x26c</run_address>
         <size>0xa4e</size>
         <input_file_ref idref="fl-ca"/>
      </object_component>
      <object_component id="oc-30">
         <name>.text:FaultISR</name>
         <load_address>0xcba</load_address>
         <run_address>0xcba</run_address>
         <size>0x2</size>
         <input_file_ref idref="fl-2"/>
      </object_component>
      <object_component id="oc-807">
         <name>.text:_pconv_a</name>
         <load_address>0xcbc</load_address>
         <run_address>0xcbc</run_address>
         <size>0x270</size>
         <input_file_ref idref="fl-ca"/>
      </object_component>
      <object_component id="oc-27a">
         <name>.text:UARTvprintf</name>
         <load_address>0xf2c</load_address>
         <run_address>0xf2c</run_address>
         <size>0x1ee</size>
         <input_file_ref idref="fl-5"/>
      </object_component>
      <object_component id="oc-36">
         <name>.text:IntDefaultHandler</name>
         <load_address>0x111a</load_address>
         <run_address>0x111a</run_address>
         <size>0x2</size>
         <input_file_ref idref="fl-2"/>
      </object_component>
      <object_component id="oc-7f5">
         <name>.text:_pconv_g</name>
         <load_address>0x111c</load_address>
         <run_address>0x111c</run_address>
         <size>0x1d0</size>
         <input_file_ref idref="fl-ca"/>
      </object_component>
      <object_component id="oc-896">
         <name>.text</name>
         <load_address>0x12ec</load_address>
         <run_address>0x12ec</run_address>
         <size>0x1b6</size>
         <input_file_ref idref="fl-cf"/>
      </object_component>
      <object_component id="oc-2a">
         <name>.text:NmiSR</name>
         <load_address>0x14a2</load_address>
         <run_address>0x14a2</run_address>
         <size>0x2</size>
         <input_file_ref idref="fl-2"/>
      </object_component>
      <object_component id="oc-fc">
         <name>.text:main</name>
         <load_address>0x14a4</load_address>
         <run_address>0x14a4</run_address>
         <size>0x164</size>
         <input_file_ref idref="fl-4"/>
      </object_component>
      <object_component id="oc-42">
         <name>.text:UARTStdioIntHandler</name>
         <load_address>0x1608</load_address>
         <run_address>0x1608</run_address>
         <size>0x160</size>
         <input_file_ref idref="fl-5"/>
      </object_component>
      <object_component id="oc-3b5">
         <name>.text:USBLibDMAInit</name>
         <load_address>0x1768</load_address>
         <run_address>0x1768</run_address>
         <size>0x160</size>
         <input_file_ref idref="fl-f2"/>
      </object_component>
      <object_component id="oc-26f">
         <name>.text:USBDCDInit</name>
         <load_address>0x18c8</load_address>
         <run_address>0x18c8</run_address>
         <size>0x150</size>
         <input_file_ref idref="fl-ef"/>
      </object_component>
      <object_component id="oc-23a">
         <name>.text:USBDEP0StateTxConfig</name>
         <load_address>0x1a18</load_address>
         <run_address>0x1a18</run_address>
         <size>0x150</size>
         <input_file_ref idref="fl-ef"/>
      </object_component>
      <object_component id="oc-c8">
         <name>.text:USBDeviceIntHandlerInternal</name>
         <load_address>0x1b68</load_address>
         <run_address>0x1b68</run_address>
         <size>0x150</size>
         <input_file_ref idref="fl-ef"/>
      </object_component>
      <object_component id="oc-65a">
         <name>.text:USBDeviceConfig</name>
         <load_address>0x1cb8</load_address>
         <run_address>0x1cb8</run_address>
         <size>0x148</size>
         <input_file_ref idref="fl-f6"/>
      </object_component>
      <object_component id="oc-801">
         <name>.text:_pconv_e</name>
         <load_address>0x1e00</load_address>
         <run_address>0x1e00</run_address>
         <size>0x13c</size>
         <input_file_ref idref="fl-ca"/>
      </object_component>
      <object_component id="oc-87c">
         <name>.text</name>
         <load_address>0x1f3c</load_address>
         <run_address>0x1f3c</run_address>
         <size>0x136</size>
         <input_file_ref idref="fl-d1"/>
      </object_component>
      <object_component id="oc-3e7">
         <name>.text:GPIOPadConfigSet</name>
         <load_address>0x2072</load_address>
         <run_address>0x2072</run_address>
         <size>0x132</size>
         <input_file_ref idref="fl-e5"/>
      </object_component>
      <object_component id="oc-8a8">
         <name>.text:fcvt</name>
         <load_address>0x21a4</load_address>
         <run_address>0x21a4</run_address>
         <size>0x124</size>
         <input_file_ref idref="fl-ca"/>
      </object_component>
      <object_component id="oc-8bc">
         <name>.text:scalbn</name>
         <load_address>0x22c8</load_address>
         <run_address>0x22c8</run_address>
         <size>0x110</size>
         <input_file_ref idref="fl-e2"/>
      </object_component>
      <object_component id="oc-877">
         <name>.text</name>
         <load_address>0x23d8</load_address>
         <run_address>0x23d8</run_address>
         <size>0xfc</size>
         <input_file_ref idref="fl-d2"/>
      </object_component>
      <object_component id="oc-58f">
         <name>.text:iDMAUSBTransfer</name>
         <load_address>0x24d4</load_address>
         <run_address>0x24d4</run_address>
         <size>0xf4</size>
         <input_file_ref idref="fl-f2"/>
      </object_component>
      <object_component id="oc-48a">
         <name>.text:USBDGetDescriptor</name>
         <load_address>0x25c8</load_address>
         <run_address>0x25c8</run_address>
         <size>0xe4</size>
         <input_file_ref idref="fl-ef"/>
      </object_component>
      <object_component id="oc-14e">
         <name>.text:USBDeviceEnumHandler</name>
         <load_address>0x26ac</load_address>
         <run_address>0x26ac</run_address>
         <size>0xd8</size>
         <input_file_ref idref="fl-ef"/>
      </object_component>
      <object_component id="oc-51d">
         <name>.text:uDMAUSBChannelAllocate</name>
         <load_address>0x2784</load_address>
         <run_address>0x2784</run_address>
         <size>0xc4</size>
         <input_file_ref idref="fl-f2"/>
      </object_component>
      <object_component id="oc-42d">
         <name>.text:HandleRxAvailable</name>
         <load_address>0x2848</load_address>
         <run_address>0x2848</run_address>
         <size>0xbe</size>
         <input_file_ref idref="fl-e9"/>
      </object_component>
      <object_component id="oc-55f">
         <name>.text:uDMAUSBTransfer</name>
         <load_address>0x2906</load_address>
         <run_address>0x2906</run_address>
         <size>0xbc</size>
         <input_file_ref idref="fl-f2"/>
      </object_component>
      <object_component id="oc-56b">
         <name>.text:iDMAUSBArbSizeSet</name>
         <load_address>0x29c2</load_address>
         <run_address>0x29c2</run_address>
         <size>0x2</size>
         <input_file_ref idref="fl-f2"/>
      </object_component>
      <object_component id="oc-7ea">
         <name>.text:_ltostr</name>
         <load_address>0x29c4</load_address>
         <run_address>0x29c4</run_address>
         <size>0xb1</size>
         <input_file_ref idref="fl-ca"/>
      </object_component>
      <object_component id="oc-5a7">
         <name>.text:iDMAUSBUnitSizeSet</name>
         <load_address>0x2a76</load_address>
         <run_address>0x2a76</run_address>
         <size>0x2</size>
         <input_file_ref idref="fl-f2"/>
      </object_component>
      <object_component id="oc-a2">
         <name>.text:UARTwrite</name>
         <load_address>0x2a78</load_address>
         <run_address>0x2a78</run_address>
         <size>0xa8</size>
         <input_file_ref idref="fl-5"/>
      </object_component>
      <object_component id="oc-269">
         <name>.text:USBDBulkCompositeInit</name>
         <load_address>0x2b20</load_address>
         <run_address>0x2b20</run_address>
         <size>0x9c</size>
         <input_file_ref idref="fl-ee"/>
      </object_component>
      <object_component id="oc-5c">
         <name>.text</name>
         <load_address>0x2bbc</load_address>
         <run_address>0x2bbc</run_address>
         <size>0x9c</size>
         <input_file_ref idref="fl-c3"/>
      </object_component>
      <object_component id="oc-4a8">
         <name>.text:USBDSetInterface</name>
         <load_address>0x2c58</load_address>
         <run_address>0x2c58</run_address>
         <size>0x98</size>
         <input_file_ref idref="fl-ef"/>
      </object_component>
      <object_component id="oc-870">
         <name>.text</name>
         <load_address>0x2cf0</load_address>
         <run_address>0x2cf0</run_address>
         <size>0x96</size>
         <input_file_ref idref="fl-cd"/>
      </object_component>
      <object_component id="oc-60a">
         <name>.text:ScheduleNextTransmission</name>
         <load_address>0x2d86</load_address>
         <run_address>0x2d86</run_address>
         <size>0x92</size>
         <input_file_ref idref="fl-e9"/>
      </object_component>
      <object_component id="oc-49c">
         <name>.text:USBDSetConfiguration</name>
         <load_address>0x2e18</load_address>
         <run_address>0x2e18</run_address>
         <size>0x90</size>
         <input_file_ref idref="fl-ef"/>
      </object_component>
      <object_component id="oc-96">
         <name>.text:UARTPrimeTransmit</name>
         <load_address>0x2ea8</load_address>
         <run_address>0x2ea8</run_address>
         <size>0x8c</size>
         <input_file_ref idref="fl-5"/>
      </object_component>
      <object_component id="oc-66e">
         <name>.text:USBDeviceConfigAlternate</name>
         <load_address>0x2f34</load_address>
         <run_address>0x2f34</run_address>
         <size>0x8c</size>
         <input_file_ref idref="fl-f6"/>
      </object_component>
      <object_component id="oc-7f0">
         <name>.text:__aeabi_cdcmple</name>
         <load_address>0x2fc0</load_address>
         <run_address>0x2fc0</run_address>
         <size>0x86</size>
         <input_file_ref idref="fl-d0"/>
      </object_component>
      <object_component id="oc-881">
         <name>.text:__aeabi_cdrcmple</name>
         <load_address>0x3046</load_address>
         <run_address>0x3046</run_address>
         <size>0x86</size>
         <input_file_ref idref="fl-d0"/>
      </object_component>
      <object_component id="oc-571">
         <name>.text:iDMAUSBChannelAllocate</name>
         <load_address>0x30cc</load_address>
         <run_address>0x30cc</run_address>
         <size>0x84</size>
         <input_file_ref idref="fl-f2"/>
      </object_component>
      <object_component id="oc-6e1">
         <name>.text:uDMAChannelTransferSet</name>
         <load_address>0x3150</load_address>
         <run_address>0x3150</run_address>
         <size>0x84</size>
         <input_file_ref idref="fl-f7"/>
      </object_component>
      <object_component id="oc-478">
         <name>.text:USBDClearFeature</name>
         <load_address>0x31d4</load_address>
         <run_address>0x31d4</run_address>
         <size>0x80</size>
         <input_file_ref idref="fl-ef"/>
      </object_component>
      <object_component id="oc-29e">
         <name>.text:ADCSequenceStepConfigure</name>
         <load_address>0x3254</load_address>
         <run_address>0x3254</run_address>
         <size>0x7a</size>
         <input_file_ref idref="fl-e4"/>
      </object_component>
      <object_component id="oc-7a4">
         <name>.text:USBDevEndpointConfigSet</name>
         <load_address>0x32ce</load_address>
         <run_address>0x32ce</run_address>
         <size>0x7a</size>
         <input_file_ref idref="fl-f8"/>
      </object_component>
      <object_component id="oc-f0">
         <name>.text</name>
         <load_address>0x3348</load_address>
         <run_address>0x3348</run_address>
         <size>0x7a</size>
         <input_file_ref idref="fl-ce"/>
      </object_component>
      <object_component id="oc-5b7">
         <name>.text</name>
         <load_address>0x33c2</load_address>
         <run_address>0x33c2</run_address>
         <size>0x2</size>
         <input_file_ref idref="fl-cc"/>
      </object_component>
      <object_component id="oc-472">
         <name>.text:USBDGetStatus</name>
         <load_address>0x33c4</load_address>
         <run_address>0x33c4</run_address>
         <size>0x78</size>
         <input_file_ref idref="fl-ef"/>
      </object_component>
      <object_component id="oc-2ca">
         <name>.text:USBDBulkPacketRead</name>
         <load_address>0x343c</load_address>
         <run_address>0x343c</run_address>
         <size>0x72</size>
         <input_file_ref idref="fl-ee"/>
      </object_component>
      <object_component id="oc-535">
         <name>.text:uDMAUSBChannelIntDisable</name>
         <load_address>0x34ae</load_address>
         <run_address>0x34ae</run_address>
         <size>0x2</size>
         <input_file_ref idref="fl-f2"/>
      </object_component>
      <object_component id="oc-240">
         <name>.text:USBDEP0StateTx</name>
         <load_address>0x34b0</load_address>
         <run_address>0x34b0</run_address>
         <size>0x70</size>
         <input_file_ref idref="fl-ef"/>
      </object_component>
      <object_component id="oc-517">
         <name>.text:uDMAUSBArbSizeSet</name>
         <load_address>0x3520</load_address>
         <run_address>0x3520</run_address>
         <size>0x70</size>
         <input_file_ref idref="fl-f2"/>
      </object_component>
      <object_component id="oc-565">
         <name>.text:uDMAUSBUnitSizeSet</name>
         <load_address>0x3590</load_address>
         <run_address>0x3590</run_address>
         <size>0x70</size>
         <input_file_ref idref="fl-f2"/>
      </object_component>
      <object_component id="oc-8a1">
         <name>.text:_mcpy</name>
         <load_address>0x3600</load_address>
         <run_address>0x3600</run_address>
         <size>0x6e</size>
         <input_file_ref idref="fl-ca"/>
      </object_component>
      <object_component id="oc-52f">
         <name>.text:uDMAUSBChannelIntEnable</name>
         <load_address>0x366e</load_address>
         <run_address>0x366e</run_address>
         <size>0x2</size>
         <input_file_ref idref="fl-f2"/>
      </object_component>
      <object_component id="oc-400">
         <name>.text:EchoNewDataToHost</name>
         <load_address>0x3670</load_address>
         <run_address>0x3670</run_address>
         <size>0x6c</size>
         <input_file_ref idref="fl-4"/>
      </object_component>
      <object_component id="oc-47e">
         <name>.text:USBDSetFeature</name>
         <load_address>0x36dc</load_address>
         <run_address>0x36dc</run_address>
         <size>0x6c</size>
         <input_file_ref idref="fl-ef"/>
      </object_component>
      <object_component id="oc-6ba">
         <name>.text:IntDisable</name>
         <load_address>0x3748</load_address>
         <run_address>0x3748</run_address>
         <size>0x68</size>
         <input_file_ref idref="fl-e6"/>
      </object_component>
      <object_component id="oc-3cd">
         <name>.text:IntEnable</name>
         <load_address>0x37b0</load_address>
         <run_address>0x37b0</run_address>
         <size>0x68</size>
         <input_file_ref idref="fl-e6"/>
      </object_component>
      <object_component id="oc-12">
         <name>.text:decompress:lzss:__TI_decompress_lzss</name>
         <load_address>0x3818</load_address>
         <run_address>0x3818</run_address>
         <size>0x68</size>
         <input_file_ref idref="fl-c7"/>
      </object_component>
      <object_component id="oc-18f">
         <name>.text:InitializePeripherals</name>
         <load_address>0x3880</load_address>
         <run_address>0x3880</run_address>
         <size>0x64</size>
         <input_file_ref idref="fl-4"/>
      </object_component>
      <object_component id="oc-6b4">
         <name>.text:IntIsEnabled</name>
         <load_address>0x38e4</load_address>
         <run_address>0x38e4</run_address>
         <size>0x64</size>
         <input_file_ref idref="fl-e6"/>
      </object_component>
      <object_component id="oc-2d9">
         <name>.text:USBBufferEventCallback</name>
         <load_address>0x3948</load_address>
         <run_address>0x3948</run_address>
         <size>0x64</size>
         <input_file_ref idref="fl-e9"/>
      </object_component>
      <object_component id="oc-8b6">
         <name>.text:frexp</name>
         <load_address>0x39ac</load_address>
         <run_address>0x39ac</run_address>
         <size>0x64</size>
         <input_file_ref idref="fl-e1"/>
      </object_component>
      <object_component id="oc-529">
         <name>.text:uDMAUSBChannelEnable</name>
         <load_address>0x3a10</load_address>
         <run_address>0x3a10</run_address>
         <size>0x64</size>
         <input_file_ref idref="fl-f2"/>
      </object_component>
      <object_component id="oc-4e8">
         <name>.text:HandleDevice</name>
         <load_address>0x3a74</load_address>
         <run_address>0x3a74</run_address>
         <size>0x60</size>
         <input_file_ref idref="fl-ee"/>
      </object_component>
      <object_component id="oc-67c">
         <name>.text:ProcessDataFromHost</name>
         <load_address>0x3ad4</load_address>
         <run_address>0x3ad4</run_address>
         <size>0x60</size>
         <input_file_ref idref="fl-ee"/>
      </object_component>
      <object_component id="oc-234">
         <name>.text:USBDReadAndDispatchRequest</name>
         <load_address>0x3b34</load_address>
         <run_address>0x3b34</run_address>
         <size>0x60</size>
         <input_file_ref idref="fl-ef"/>
      </object_component>
      <object_component id="oc-21c">
         <name>.text:USBDevEndpointStatusClear</name>
         <load_address>0x3b94</load_address>
         <run_address>0x3b94</run_address>
         <size>0x5e</size>
         <input_file_ref idref="fl-f8"/>
      </object_component>
      <object_component id="oc-2b3">
         <name>.text:USBDBulkPacketWrite</name>
         <load_address>0x3bf4</load_address>
         <run_address>0x3bf4</run_address>
         <size>0x5c</size>
         <input_file_ref idref="fl-ee"/>
      </object_component>
      <object_component id="oc-7fb">
         <name>.text:_pconv_f</name>
         <load_address>0x3c50</load_address>
         <run_address>0x3c50</run_address>
         <size>0x56</size>
         <input_file_ref idref="fl-ca"/>
      </object_component>
      <object_component id="oc-53b">
         <name>.text:uDMAUSBChannelRelease</name>
         <load_address>0x3ca6</load_address>
         <run_address>0x3ca6</run_address>
         <size>0x56</size>
         <input_file_ref idref="fl-f2"/>
      </object_component>
      <object_component id="oc-88b">
         <name>.text:ltoa</name>
         <load_address>0x3cfc</load_address>
         <run_address>0x3cfc</run_address>
         <size>0x54</size>
         <input_file_ref idref="fl-dd"/>
      </object_component>
      <object_component id="oc-38b">
         <name>.text:ULPIConfigSet</name>
         <load_address>0x3d50</load_address>
         <run_address>0x3d50</run_address>
         <size>0x52</size>
         <input_file_ref idref="fl-f3"/>
      </object_component>
      <object_component id="oc-89b">
         <name>.text:_ecpy</name>
         <load_address>0x3da2</load_address>
         <run_address>0x3da2</run_address>
         <size>0x52</size>
         <input_file_ref idref="fl-ca"/>
      </object_component>
      <object_component id="oc-298">
         <name>.text:ADCSequenceConfigure</name>
         <load_address>0x3df4</load_address>
         <run_address>0x3df4</run_address>
         <size>0x50</size>
         <input_file_ref idref="fl-e4"/>
      </object_component>
      <object_component id="oc-373">
         <name>.text:SysCtlPeripheralReset</name>
         <load_address>0x3e44</load_address>
         <run_address>0x3e44</run_address>
         <size>0x50</size>
         <input_file_ref idref="fl-e7"/>
      </object_component>
      <object_component id="oc-792">
         <name>.text:USBDCDConfigDescGet</name>
         <load_address>0x3e94</load_address>
         <run_address>0x3e94</run_address>
         <size>0x50</size>
         <input_file_ref idref="fl-f5"/>
      </object_component>
      <object_component id="oc-130">
         <name>.text:USBDeviceResumeTickHandler</name>
         <load_address>0x3ee4</load_address>
         <run_address>0x3ee4</run_address>
         <size>0x50</size>
         <input_file_ref idref="fl-ef"/>
      </object_component>
      <object_component id="oc-79e">
         <name>.text:GetEPDescriptorType</name>
         <load_address>0x3f34</load_address>
         <run_address>0x3f34</run_address>
         <size>0x4c</size>
         <input_file_ref idref="fl-f6"/>
      </object_component>
      <object_component id="oc-651">
         <name>.text:USBDStringIndexFromRequest</name>
         <load_address>0x3f80</load_address>
         <run_address>0x3f80</run_address>
         <size>0x4c</size>
         <input_file_ref idref="fl-ef"/>
      </object_component>
      <object_component id="oc-6ed">
         <name>.text:USBEndpointDMAConfigSet</name>
         <load_address>0x3fcc</load_address>
         <run_address>0x3fcc</run_address>
         <size>0x4c</size>
         <input_file_ref idref="fl-f8"/>
      </object_component>
      <object_component id="oc-7e4">
         <name>.text:atoi</name>
         <load_address>0x4018</load_address>
         <run_address>0x4018</run_address>
         <size>0x4c</size>
         <input_file_ref idref="fl-db"/>
      </object_component>
      <object_component id="oc-59b">
         <name>.text:iDMAUSBChannelEnable</name>
         <load_address>0x4064</load_address>
         <run_address>0x4064</run_address>
         <size>0x4c</size>
         <input_file_ref idref="fl-f2"/>
      </object_component>
      <object_component id="oc-7bf">
         <name>.text:ConfigAlternateInterfaceGet</name>
         <load_address>0x40b0</load_address>
         <run_address>0x40b0</run_address>
         <size>0x4a</size>
         <input_file_ref idref="fl-f5"/>
      </object_component>
      <object_component id="oc-648">
         <name>.text:USBDevEndpointStallClear</name>
         <load_address>0x40fa</load_address>
         <run_address>0x40fa</run_address>
         <size>0x4a</size>
         <input_file_ref idref="fl-f8"/>
      </object_component>
      <object_component id="oc-523">
         <name>.text:uDMAUSBChannelDisable</name>
         <load_address>0x4144</load_address>
         <run_address>0x4144</run_address>
         <size>0x4a</size>
         <input_file_ref idref="fl-f2"/>
      </object_component>
      <object_component id="oc-12a">
         <name>.text:USBDeviceEnumResetHandler</name>
         <load_address>0x4190</load_address>
         <run_address>0x4190</run_address>
         <size>0x48</size>
         <input_file_ref idref="fl-ef"/>
      </object_component>
      <object_component id="oc-886">
         <name>.text</name>
         <load_address>0x41d8</load_address>
         <run_address>0x41d8</run_address>
         <size>0x48</size>
         <input_file_ref idref="fl-d3"/>
      </object_component>
      <object_component id="oc-6a0">
         <name>.text:uDMAChannelAttributeDisable</name>
         <load_address>0x4220</load_address>
         <run_address>0x4220</run_address>
         <size>0x48</size>
         <input_file_ref idref="fl-f7"/>
      </object_component>
      <object_component id="oc-228">
         <name>.text:USBEndpointDataGet</name>
         <load_address>0x4268</load_address>
         <run_address>0x4268</run_address>
         <size>0x46</size>
         <input_file_ref idref="fl-f8"/>
      </object_component>
      <object_component id="oc-354">
         <name>.text:USBDCDDeviceInfoInit</name>
         <load_address>0x42b0</load_address>
         <run_address>0x42b0</run_address>
         <size>0x44</size>
         <input_file_ref idref="fl-ef"/>
      </object_component>
      <object_component id="oc-4a2">
         <name>.text:USBDGetInterface</name>
         <load_address>0x42f4</load_address>
         <run_address>0x42f4</run_address>
         <size>0x44</size>
         <input_file_ref idref="fl-ef"/>
      </object_component>
      <object_component id="oc-1b1">
         <name>.text:__TI_auto_init_nobinit_nopinit:__TI_auto_init_nobinit_nopinit</name>
         <load_address>0x4338</load_address>
         <run_address>0x4338</run_address>
         <size>0x44</size>
         <input_file_ref idref="fl-d5"/>
      </object_component>
      <object_component id="oc-2c4">
         <name>.text:RxHandler</name>
         <load_address>0x437c</load_address>
         <run_address>0x437c</run_address>
         <size>0x40</size>
         <input_file_ref idref="fl-4"/>
      </object_component>
      <object_component id="oc-183">
         <name>.text:USBDBulkInit</name>
         <load_address>0x43bc</load_address>
         <run_address>0x43bc</run_address>
         <size>0x40</size>
         <input_file_ref idref="fl-ee"/>
      </object_component>
      <object_component id="oc-3de">
         <name>.text</name>
         <load_address>0x43fc</load_address>
         <run_address>0x43fc</run_address>
         <size>0x40</size>
         <input_file_ref idref="fl-c4"/>
      </object_component>
      <object_component id="oc-5da">
         <name>.text:sprintf</name>
         <load_address>0x443c</load_address>
         <run_address>0x443c</run_address>
         <size>0x40</size>
         <input_file_ref idref="fl-c2"/>
      </object_component>
      <object_component id="oc-8ae">
         <name>.text:_fcpy</name>
         <load_address>0x447c</load_address>
         <run_address>0x447c</run_address>
         <size>0x3e</size>
         <input_file_ref idref="fl-ca"/>
      </object_component>
      <object_component id="oc-595">
         <name>.text:iDMAUSBChannelRelease</name>
         <load_address>0x44ba</load_address>
         <run_address>0x44ba</run_address>
         <size>0x3c</size>
         <input_file_ref idref="fl-f2"/>
      </object_component>
      <object_component id="oc-7b0">
         <name>.text:USBFIFOConfigSet</name>
         <load_address>0x44f6</load_address>
         <run_address>0x44f6</run_address>
         <size>0x3a</size>
         <input_file_ref idref="fl-f8"/>
      </object_component>
      <object_component id="oc-360">
         <name>.text:InternalUSBRegisterTickHandler</name>
         <load_address>0x4530</load_address>
         <run_address>0x4530</run_address>
         <size>0x38</size>
         <input_file_ref idref="fl-ec"/>
      </object_component>
      <object_component id="oc-136">
         <name>.text:InternalUSBStartOfFrameTick</name>
         <load_address>0x4568</load_address>
         <run_address>0x4568</run_address>
         <size>0x38</size>
         <input_file_ref idref="fl-ec"/>
      </object_component>
      <object_component id="oc-28c">
         <name>.text:SysCtlPeripheralReady</name>
         <load_address>0x45a0</load_address>
         <run_address>0x45a0</run_address>
         <size>0x38</size>
         <input_file_ref idref="fl-e7"/>
      </object_component>
      <object_component id="oc-798">
         <name>.text:USBDCDConfigGetInterfaceEndpoint</name>
         <load_address>0x45d8</load_address>
         <run_address>0x45d8</run_address>
         <size>0x38</size>
         <input_file_ref idref="fl-f5"/>
      </object_component>
      <object_component id="oc-c2">
         <name>.text:USBIntStatusControl</name>
         <load_address>0x4610</load_address>
         <run_address>0x4610</run_address>
         <size>0x38</size>
         <input_file_ref idref="fl-f8"/>
      </object_component>
      <object_component id="oc-618">
         <name>.text:USBRingBufAdvanceWrite</name>
         <load_address>0x4648</load_address>
         <run_address>0x4648</run_address>
         <size>0x38</size>
         <input_file_ref idref="fl-eb"/>
      </object_component>
      <object_component id="oc-329">
         <name>.text:USBEndpointDataPut</name>
         <load_address>0x4680</load_address>
         <run_address>0x4680</run_address>
         <size>0x36</size>
         <input_file_ref idref="fl-f8"/>
      </object_component>
      <object_component id="oc-4e2">
         <name>.text:HandleEndpoints</name>
         <load_address>0x46b6</load_address>
         <run_address>0x46b6</run_address>
         <size>0x34</size>
         <input_file_ref idref="fl-ee"/>
      </object_component>
      <object_component id="oc-286">
         <name>.text:SysCtlPeripheralEnable</name>
         <load_address>0x46ec</load_address>
         <run_address>0x46ec</run_address>
         <size>0x34</size>
         <input_file_ref idref="fl-e7"/>
      </object_component>
      <object_component id="oc-32f">
         <name>.text:USBEndpointDataSend</name>
         <load_address>0x4720</load_address>
         <run_address>0x4720</run_address>
         <size>0x34</size>
         <input_file_ref idref="fl-f8"/>
      </object_component>
      <object_component id="oc-7a">
         <name>.text:_c_int00_noargs:_c_int00_noargs</name>
         <load_address>0x4754</load_address>
         <run_address>0x4754</run_address>
         <size>0x34</size>
         <input_file_ref idref="fl-c9"/>
      </object_component>
      <object_component id="oc-577">
         <name>.text:iDMAUSBChannelStatus</name>
         <load_address>0x4788</load_address>
         <run_address>0x4788</run_address>
         <size>0x34</size>
         <input_file_ref idref="fl-f2"/>
      </object_component>
      <object_component id="oc-849">
         <name>.text:NextConfigDescGet</name>
         <load_address>0x47bc</load_address>
         <run_address>0x47bc</run_address>
         <size>0x32</size>
         <input_file_ref idref="fl-f5"/>
      </object_component>
      <object_component id="oc-682">
         <name>.text:ProcessDataToHost</name>
         <load_address>0x47ee</load_address>
         <run_address>0x47ee</run_address>
         <size>0x32</size>
         <input_file_ref idref="fl-ee"/>
      </object_component>
      <object_component id="oc-469">
         <name>.text:USBDevEndpointStall</name>
         <load_address>0x4820</load_address>
         <run_address>0x4820</run_address>
         <size>0x32</size>
         <input_file_ref idref="fl-f8"/>
      </object_component>
      <object_component id="oc-5a1">
         <name>.text:iDMAUSBChannelDisable</name>
         <load_address>0x4852</load_address>
         <run_address>0x4852</run_address>
         <size>0x32</size>
         <input_file_ref idref="fl-f2"/>
      </object_component>
      <object_component id="oc-547">
         <name>.text:DMAUSBIntHandler</name>
         <load_address>0x4884</load_address>
         <run_address>0x4884</run_address>
         <size>0x30</size>
         <input_file_ref idref="fl-f2"/>
      </object_component>
      <object_component id="oc-5c8">
         <name>.text:DoTemperatureMeasurement</name>
         <load_address>0x48b4</load_address>
         <run_address>0x48b4</run_address>
         <size>0x30</size>
         <input_file_ref idref="fl-4"/>
      </object_component>
      <object_component id="oc-35a">
         <name>.text:InternalUSBTickInit</name>
         <load_address>0x48e4</load_address>
         <run_address>0x48e4</run_address>
         <size>0x30</size>
         <input_file_ref idref="fl-ec"/>
      </object_component>
      <object_component id="oc-496">
         <name>.text:USBDGetConfiguration</name>
         <load_address>0x4914</load_address>
         <run_address>0x4914</run_address>
         <size>0x30</size>
         <input_file_ref idref="fl-ef"/>
      </object_component>
      <object_component id="oc-778">
         <name>.text:UpdateIndexAtomic</name>
         <load_address>0x4944</load_address>
         <run_address>0x4944</run_address>
         <size>0x30</size>
         <input_file_ref idref="fl-eb"/>
      </object_component>
      <object_component id="oc-743">
         <name>.text:ADCIntStatus</name>
         <load_address>0x4974</load_address>
         <run_address>0x4974</run_address>
         <size>0x2e</size>
         <input_file_ref idref="fl-e4"/>
      </object_component>
      <object_component id="oc-5e0">
         <name>.text:USBBufferWrite</name>
         <load_address>0x49a2</load_address>
         <run_address>0x49a2</run_address>
         <size>0x2e</size>
         <input_file_ref idref="fl-e9"/>
      </object_component>
      <object_component id="oc-891">
         <name>.text</name>
         <load_address>0x49d0</load_address>
         <run_address>0x49d0</run_address>
         <size>0x2e</size>
         <input_file_ref idref="fl-d4"/>
      </object_component>
      <object_component id="oc-842">
         <name>.text:USBDescGet</name>
         <load_address>0x49fe</load_address>
         <run_address>0x49fe</run_address>
         <size>0x2c</size>
         <input_file_ref idref="fl-f1"/>
      </object_component>
      <object_component id="oc-54d">
         <name>.text:uDMAUSBIntStatus</name>
         <load_address>0x4a2a</load_address>
         <run_address>0x4a2a</run_address>
         <size>0x2c</size>
         <input_file_ref idref="fl-f2"/>
      </object_component>
      <object_component id="oc-3ed">
         <name>.text:GPIODirModeSet</name>
         <load_address>0x4a56</load_address>
         <run_address>0x4a56</run_address>
         <size>0x2a</size>
         <input_file_ref idref="fl-e5"/>
      </object_component>
      <object_component id="oc-427">
         <name>.text:HandleRequestBuffer</name>
         <load_address>0x4a80</load_address>
         <run_address>0x4a80</run_address>
         <size>0x2a</size>
         <input_file_ref idref="fl-e9"/>
      </object_component>
      <object_component id="oc-662">
         <name>.text:USBDCDConfigDescGetNum</name>
         <load_address>0x4aaa</load_address>
         <run_address>0x4aaa</run_address>
         <size>0x2a</size>
         <input_file_ref idref="fl-f5"/>
      </object_component>
      <object_component id="oc-7b8">
         <name>.text:USBDescGetNum</name>
         <load_address>0x4ad4</load_address>
         <run_address>0x4ad4</run_address>
         <size>0x2a</size>
         <input_file_ref idref="fl-f1"/>
      </object_component>
      <object_component id="oc-22e">
         <name>.text:USBDevEndpointDataAck</name>
         <load_address>0x4afe</load_address>
         <run_address>0x4afe</run_address>
         <size>0x2a</size>
         <input_file_ref idref="fl-f8"/>
      </object_component>
      <object_component id="oc-484">
         <name>.text:USBDSetAddress</name>
         <load_address>0x4b28</load_address>
         <run_address>0x4b28</run_address>
         <size>0x28</size>
         <input_file_ref idref="fl-ef"/>
      </object_component>
      <object_component id="oc-3bb">
         <name>.text:USBIntEnableControl</name>
         <load_address>0x4b50</load_address>
         <run_address>0x4b50</run_address>
         <size>0x28</size>
         <input_file_ref idref="fl-f8"/>
      </object_component>
      <object_component id="oc-6d2">
         <name>.text:uDMAChannelModeGet</name>
         <load_address>0x4b78</load_address>
         <run_address>0x4b78</run_address>
         <size>0x28</size>
         <input_file_ref idref="fl-f7"/>
      </object_component>
      <object_component id="oc-36c">
         <name>.text:BulkTickHandler</name>
         <load_address>0x4ba0</load_address>
         <run_address>0x4ba0</run_address>
         <size>0x24</size>
         <input_file_ref idref="fl-ee"/>
      </object_component>
      <object_component id="oc-4ca">
         <name>.text:HandleConfigChange</name>
         <load_address>0x4bc4</load_address>
         <run_address>0x4bc4</run_address>
         <size>0x24</size>
         <input_file_ref idref="fl-ee"/>
      </object_component>
      <object_component id="oc-6a6">
         <name>.text:USBEndpointDMADisable</name>
         <load_address>0x4be8</load_address>
         <run_address>0x4be8</run_address>
         <size>0x24</size>
         <input_file_ref idref="fl-f8"/>
      </object_component>
      <object_component id="oc-6c0">
         <name>.text:USBEndpointDMAEnable</name>
         <load_address>0x4c0c</load_address>
         <run_address>0x4c0c</run_address>
         <size>0x24</size>
         <input_file_ref idref="fl-f8"/>
      </object_component>
      <object_component id="oc-17d">
         <name>.text:USBStackModeSet</name>
         <load_address>0x4c30</load_address>
         <run_address>0x4c30</run_address>
         <size>0x24</size>
         <input_file_ref idref="fl-ea"/>
      </object_component>
      <object_component id="oc-693">
         <name>.text:uDMAChannelControlSet</name>
         <load_address>0x4c54</load_address>
         <run_address>0x4c54</run_address>
         <size>0x24</size>
         <input_file_ref idref="fl-f7"/>
      </object_component>
      <object_component id="oc-4dc">
         <name>.text:HandleDisconnect</name>
         <load_address>0x4c78</load_address>
         <run_address>0x4c78</run_address>
         <size>0x22</size>
         <input_file_ref idref="fl-ee"/>
      </object_component>
      <object_component id="oc-2d0">
         <name>.text:USBDBulkRxPacketAvailable</name>
         <load_address>0x4c9a</load_address>
         <run_address>0x4c9a</run_address>
         <size>0x22</size>
         <input_file_ref idref="fl-ee"/>
      </object_component>
      <object_component id="oc-541">
         <name>.text:uDMAUSBChannelStatus</name>
         <load_address>0x4cbc</load_address>
         <run_address>0x4cbc</run_address>
         <size>0x22</size>
         <input_file_ref idref="fl-f2"/>
      </object_component>
      <object_component id="oc-7aa">
         <name>.text:GetEndpointFIFOSize</name>
         <load_address>0x4cde</load_address>
         <run_address>0x4cde</run_address>
         <size>0x20</size>
         <input_file_ref idref="fl-f6"/>
      </object_component>
      <object_component id="oc-41b">
         <name>.text:HandleDataRemaining</name>
         <load_address>0x4cfe</load_address>
         <run_address>0x4cfe</run_address>
         <size>0x20</size>
         <input_file_ref idref="fl-e9"/>
      </object_component>
      <object_component id="oc-604">
         <name>.text:USBRingBufAdvanceRead</name>
         <load_address>0x4d1e</load_address>
         <run_address>0x4d1e</run_address>
         <size>0x20</size>
         <input_file_ref idref="fl-eb"/>
      </object_component>
      <object_component id="oc-749">
         <name>.text:ADCSequenceDataGet</name>
         <load_address>0x4d3e</load_address>
         <run_address>0x4d3e</run_address>
         <size>0x1e</size>
         <input_file_ref idref="fl-e4"/>
      </object_component>
      <object_component id="oc-611">
         <name>.text:USBRingBufContigFree</name>
         <load_address>0x4d5c</load_address>
         <run_address>0x4d5c</run_address>
         <size>0x1e</size>
         <input_file_ref idref="fl-eb"/>
      </object_component>
      <object_component id="oc-4fa">
         <name>.text:USBULPIRegRead</name>
         <load_address>0x4d7a</load_address>
         <run_address>0x4d7a</run_address>
         <size>0x1e</size>
         <input_file_ref idref="fl-f8"/>
      </object_component>
      <object_component id="oc-500">
         <name>.text:USBULPIRegWrite</name>
         <load_address>0x4d98</load_address>
         <run_address>0x4d98</run_address>
         <size>0x1e</size>
         <input_file_ref idref="fl-f8"/>
      </object_component>
      <object_component id="oc-668">
         <name>.text:USBDCDConfigGetInterface</name>
         <load_address>0x4db6</load_address>
         <run_address>0x4db6</run_address>
         <size>0x1c</size>
         <input_file_ref idref="fl-f5"/>
      </object_component>
      <object_component id="oc-316">
         <name>.text:USBDCDStallEP0</name>
         <load_address>0x4dd4</load_address>
         <run_address>0x4dd4</run_address>
         <size>0x1c</size>
         <input_file_ref idref="fl-ef"/>
      </object_component>
      <object_component id="oc-40d">
         <name>.text:USBEndpointDataAvail</name>
         <load_address>0x4df0</load_address>
         <run_address>0x4df0</run_address>
         <size>0x1c</size>
         <input_file_ref idref="fl-f8"/>
      </object_component>
      <object_component id="oc-624">
         <name>.text:USBRingBufWrite</name>
         <load_address>0x4e0c</load_address>
         <run_address>0x4e0c</run_address>
         <size>0x1c</size>
         <input_file_ref idref="fl-eb"/>
      </object_component>
      <object_component id="oc-80d">
         <name>.text:memccpy</name>
         <load_address>0x4e28</load_address>
         <run_address>0x4e28</run_address>
         <size>0x1c</size>
         <input_file_ref idref="fl-de"/>
      </object_component>
      <object_component id="oc-189">
         <name>.text:UARTprintf</name>
         <load_address>0x4e44</load_address>
         <run_address>0x4e44</run_address>
         <size>0x1a</size>
         <input_file_ref idref="fl-5"/>
      </object_component>
      <object_component id="oc-323">
         <name>.text:USBDCDConfigDescGetSize</name>
         <load_address>0x4e5e</load_address>
         <run_address>0x4e5e</run_address>
         <size>0x1a</size>
         <input_file_ref idref="fl-f5"/>
      </object_component>
      <object_component id="oc-69a">
         <name>.text:USBEndpointDMAChannel</name>
         <load_address>0x4e78</load_address>
         <run_address>0x4e78</run_address>
         <size>0x1a</size>
         <input_file_ref idref="fl-f8"/>
      </object_component>
      <object_component id="oc-908">
         <name>.text:copysign</name>
         <load_address>0x4e92</load_address>
         <run_address>0x4e92</run_address>
         <size>0x1a</size>
         <input_file_ref idref="fl-e3"/>
      </object_component>
      <object_component id="oc-73d">
         <name>.text:ADCProcessorTrigger</name>
         <load_address>0x4eac</load_address>
         <run_address>0x4eac</run_address>
         <size>0x18</size>
         <input_file_ref idref="fl-e4"/>
      </object_component>
      <object_component id="oc-292">
         <name>.text:GPIOPinTypeGPIOOutput</name>
         <load_address>0x4ec4</load_address>
         <run_address>0x4ec4</run_address>
         <size>0x18</size>
         <input_file_ref idref="fl-e5"/>
      </object_component>
      <object_component id="oc-a8">
         <name>.text:IsBufferFull</name>
         <load_address>0x4edc</load_address>
         <run_address>0x4edc</run_address>
         <size>0x18</size>
         <input_file_ref idref="fl-5"/>
      </object_component>
      <object_component id="oc-413">
         <name>.text:SetDeferredOpFlag</name>
         <load_address>0x4ef4</load_address>
         <run_address>0x4ef4</run_address>
         <size>0x18</size>
         <input_file_ref idref="fl-ee"/>
      </object_component>
      <object_component id="oc-48">
         <name>.text:USB0DeviceIntHandler</name>
         <load_address>0x4f0c</load_address>
         <run_address>0x4f0c</run_address>
         <size>0x18</size>
         <input_file_ref idref="fl-f0"/>
      </object_component>
      <object_component id="oc-177">
         <name>.text:USBBufferInit</name>
         <load_address>0x4f24</load_address>
         <run_address>0x4f24</run_address>
         <size>0x18</size>
         <input_file_ref idref="fl-e9"/>
      </object_component>
      <object_component id="oc-34e">
         <name>.text:USBDCDFeatureGet</name>
         <load_address>0x4f3c</load_address>
         <run_address>0x4f3c</run_address>
         <size>0x18</size>
         <input_file_ref idref="fl-ef"/>
      </object_component>
      <object_component id="oc-490">
         <name>.text:USBDSetDescriptor</name>
         <load_address>0x4f54</load_address>
         <run_address>0x4f54</run_address>
         <size>0x18</size>
         <input_file_ref idref="fl-ef"/>
      </object_component>
      <object_component id="oc-4ae">
         <name>.text:USBDSyncFrame</name>
         <load_address>0x4f6c</load_address>
         <run_address>0x4f6c</run_address>
         <size>0x18</size>
         <input_file_ref idref="fl-ef"/>
      </object_component>
      <object_component id="oc-758">
         <name>.text:_outs</name>
         <load_address>0x4f84</load_address>
         <run_address>0x4f84</run_address>
         <size>0x18</size>
         <input_file_ref idref="fl-c2"/>
      </object_component>
      <object_component id="oc-6ad">
         <name>.text:uDMAChannelDisable</name>
         <load_address>0x4f9c</load_address>
         <run_address>0x4f9c</run_address>
         <size>0x18</size>
         <input_file_ref idref="fl-f7"/>
      </object_component>
      <object_component id="oc-6c6">
         <name>.text:uDMAChannelEnable</name>
         <load_address>0x4fb4</load_address>
         <run_address>0x4fb4</run_address>
         <size>0x18</size>
         <input_file_ref idref="fl-f7"/>
      </object_component>
      <object_component id="oc-5ec">
         <name>.text:USBBufferDataWritten</name>
         <load_address>0x4fcc</load_address>
         <run_address>0x4fcc</run_address>
         <size>0x16</size>
         <input_file_ref idref="fl-e9"/>
      </object_component>
      <object_component id="oc-3c1">
         <name>.text:USBIntEnableEndpoint</name>
         <load_address>0x4fe2</load_address>
         <run_address>0x4fe2</run_address>
         <size>0x16</size>
         <input_file_ref idref="fl-f8"/>
      </object_component>
      <object_component id="oc-5f4">
         <name>.text:USBRingBufFlush</name>
         <load_address>0x4ff8</load_address>
         <run_address>0x4ff8</run_address>
         <size>0x16</size>
         <input_file_ref idref="fl-eb"/>
      </object_component>
      <object_component id="oc-5fd">
         <name>.text:USBRingBufUsed</name>
         <load_address>0x500e</load_address>
         <run_address>0x500e</run_address>
         <size>0x16</size>
         <input_file_ref idref="fl-eb"/>
      </object_component>
      <object_component id="oc-8c2">
         <name>.text:strchr</name>
         <load_address>0x5024</load_address>
         <run_address>0x5024</run_address>
         <size>0x16</size>
         <input_file_ref idref="fl-df"/>
      </object_component>
      <object_component id="oc-421">
         <name>.text:HandleTxComplete</name>
         <load_address>0x503a</load_address>
         <run_address>0x503a</run_address>
         <size>0x14</size>
         <input_file_ref idref="fl-e9"/>
      </object_component>
      <object_component id="oc-379">
         <name>.text:SysCtlUSBPLLEnable</name>
         <load_address>0x5050</load_address>
         <run_address>0x5050</run_address>
         <size>0x14</size>
         <input_file_ref idref="fl-e7"/>
      </object_component>
      <object_component id="oc-2ad">
         <name>.text:TxHandler</name>
         <load_address>0x5064</load_address>
         <run_address>0x5064</run_address>
         <size>0x14</size>
         <input_file_ref idref="fl-4"/>
      </object_component>
      <object_component id="oc-2b9">
         <name>.text:USBDBulkTxPacketAvailable</name>
         <load_address>0x5078</load_address>
         <run_address>0x5078</run_address>
         <size>0x14</size>
         <input_file_ref idref="fl-ee"/>
      </object_component>
      <object_component id="oc-725">
         <name>.text:USBDMAChannelConfigSet</name>
         <load_address>0x508c</load_address>
         <run_address>0x508c</run_address>
         <size>0x14</size>
         <input_file_ref idref="fl-f8"/>
      </object_component>
      <object_component id="oc-207">
         <name>.text:USBHostResume</name>
         <load_address>0x50a0</load_address>
         <run_address>0x50a0</run_address>
         <size>0x14</size>
         <input_file_ref idref="fl-f8"/>
      </object_component>
      <object_component id="oc-853">
         <name>.text:_USBIndexWrite</name>
         <load_address>0x50b4</load_address>
         <run_address>0x50b4</run_address>
         <size>0x14</size>
         <input_file_ref idref="fl-f8"/>
      </object_component>
      <object_component id="oc-5e6">
         <name>.text:strlen</name>
         <load_address>0x50c8</load_address>
         <run_address>0x50c8</run_address>
         <size>0x14</size>
         <input_file_ref idref="fl-c8"/>
      </object_component>
      <object_component id="oc-4d6">
         <name>.text:HandleResume</name>
         <load_address>0x50dc</load_address>
         <run_address>0x50dc</run_address>
         <size>0x12</size>
         <input_file_ref idref="fl-ee"/>
      </object_component>
      <object_component id="oc-4d0">
         <name>.text:HandleSuspend</name>
         <load_address>0x50ee</load_address>
         <run_address>0x50ee</run_address>
         <size>0x12</size>
         <input_file_ref idref="fl-ee"/>
      </object_component>
      <object_component id="oc-5ce">
         <name>.text:USBBufferInfoGet</name>
         <load_address>0x5100</load_address>
         <run_address>0x5100</run_address>
         <size>0x12</size>
         <input_file_ref idref="fl-e9"/>
      </object_component>
      <object_component id="oc-6f6">
         <name>.text:USBDMAChannelDisable</name>
         <load_address>0x5112</load_address>
         <run_address>0x5112</run_address>
         <size>0x12</size>
         <input_file_ref idref="fl-f8"/>
      </object_component>
      <object_component id="oc-72b">
         <name>.text:USBDMAChannelEnable</name>
         <load_address>0x5124</load_address>
         <run_address>0x5124</run_address>
         <size>0x12</size>
         <input_file_ref idref="fl-f8"/>
      </object_component>
      <object_component id="oc-712">
         <name>.text:USBDMAChannelIntDisable</name>
         <load_address>0x5136</load_address>
         <run_address>0x5136</run_address>
         <size>0x12</size>
         <input_file_ref idref="fl-f8"/>
      </object_component>
      <object_component id="oc-70b">
         <name>.text:USBDMAChannelIntEnable</name>
         <load_address>0x5148</load_address>
         <run_address>0x5148</run_address>
         <size>0x12</size>
         <input_file_ref idref="fl-f8"/>
      </object_component>
      <object_component id="oc-61e">
         <name>.text:USBRingBufFree</name>
         <load_address>0x515a</load_address>
         <run_address>0x515a</run_address>
         <size>0x12</size>
         <input_file_ref idref="fl-eb"/>
      </object_component>
      <object_component id="oc-813">
         <name>.text:wcslen</name>
         <load_address>0x516c</load_address>
         <run_address>0x516c</run_address>
         <size>0x12</size>
         <input_file_ref idref="fl-cb"/>
      </object_component>
      <object_component id="oc-76a">
         <name>.text:IntMasterDisable</name>
         <load_address>0x517e</load_address>
         <run_address>0x517e</run_address>
         <size>0x10</size>
         <input_file_ref idref="fl-e6"/>
      </object_component>
      <object_component id="oc-770">
         <name>.text:IntMasterEnable</name>
         <load_address>0x518e</load_address>
         <run_address>0x518e</run_address>
         <size>0x10</size>
         <input_file_ref idref="fl-e6"/>
      </object_component>
      <object_component id="oc-3c">
         <name>.text:SysTickIntHandler</name>
         <load_address>0x51a0</load_address>
         <run_address>0x51a0</run_address>
         <size>0x10</size>
         <input_file_ref idref="fl-4"/>
      </object_component>
      <object_component id="oc-216">
         <name>.text:USBEndpointStatus</name>
         <load_address>0x51b0</load_address>
         <run_address>0x51b0</run_address>
         <size>0x10</size>
         <input_file_ref idref="fl-f8"/>
      </object_component>
      <object_component id="oc-77f">
         <name>.text:USBRingBufContigUsed</name>
         <load_address>0x51c0</load_address>
         <run_address>0x51c0</run_address>
         <size>0x10</size>
         <input_file_ref idref="fl-eb"/>
      </object_component>
      <object_component id="oc-789">
         <name>.text:USBRingBufWriteOne</name>
         <load_address>0x51d0</load_address>
         <run_address>0x51d0</run_address>
         <size>0x10</size>
         <input_file_ref idref="fl-eb"/>
      </object_component>
      <object_component id="oc-2a4">
         <name>.text:ADCSequenceEnable</name>
         <load_address>0x51e0</load_address>
         <run_address>0x51e0</run_address>
         <size>0xe</size>
         <input_file_ref idref="fl-e4"/>
      </object_component>
      <object_component id="oc-553">
         <name>.text:DMAUSBIntStatusClear</name>
         <load_address>0x51ee</load_address>
         <run_address>0x51ee</run_address>
         <size>0xe</size>
         <input_file_ref idref="fl-f2"/>
      </object_component>
      <object_component id="oc-9c">
         <name>.text:IsBufferEmpty</name>
         <load_address>0x51fc</load_address>
         <run_address>0x51fc</run_address>
         <size>0xe</size>
         <input_file_ref idref="fl-5"/>
      </object_component>
      <object_component id="oc-6fd">
         <name>.text:USBDMAChannelStatus</name>
         <load_address>0x520a</load_address>
         <run_address>0x520a</run_address>
         <size>0xe</size>
         <input_file_ref idref="fl-f8"/>
      </object_component>
      <object_component id="oc-3a3">
         <name>.text:USBDevLPMDisable</name>
         <load_address>0x5218</load_address>
         <run_address>0x5218</run_address>
         <size>0xe</size>
         <input_file_ref idref="fl-f8"/>
      </object_component>
      <object_component id="oc-142">
         <name>.text:USBDevLPMEnable</name>
         <load_address>0x5226</load_address>
         <run_address>0x5226</run_address>
         <size>0xe</size>
         <input_file_ref idref="fl-f8"/>
      </object_component>
      <object_component id="oc-391">
         <name>.text:USBULPIDisable</name>
         <load_address>0x5234</load_address>
         <run_address>0x5234</run_address>
         <size>0xe</size>
         <input_file_ref idref="fl-f8"/>
      </object_component>
      <object_component id="oc-385">
         <name>.text:USBULPIEnable</name>
         <load_address>0x5242</load_address>
         <run_address>0x5242</run_address>
         <size>0xe</size>
         <input_file_ref idref="fl-f8"/>
      </object_component>
      <object_component id="oc-18">
         <name>.text:decompress:none:__TI_decompress_none</name>
         <load_address>0x5250</load_address>
         <run_address>0x5250</run_address>
         <size>0xe</size>
         <input_file_ref idref="fl-c6"/>
      </object_component>
      <object_component id="oc-831">
         <name>.text:CPUcpsid</name>
         <load_address>0x525e</load_address>
         <run_address>0x525e</run_address>
         <size>0xc</size>
         <input_file_ref idref="fl-e8"/>
      </object_component>
      <object_component id="oc-838">
         <name>.text:CPUcpsie</name>
         <load_address>0x526a</load_address>
         <run_address>0x526a</run_address>
         <size>0xc</size>
         <input_file_ref idref="fl-e8"/>
      </object_component>
      <object_component id="oc-6e7">
         <name>.text:USBEndpointPacketCountSet</name>
         <load_address>0x5276</load_address>
         <run_address>0x5276</run_address>
         <size>0xc</size>
         <input_file_ref idref="fl-f8"/>
      </object_component>
      <object_component id="oc-3af">
         <name>.text:USBLPMIntEnable</name>
         <load_address>0x5282</load_address>
         <run_address>0x5282</run_address>
         <size>0xc</size>
         <input_file_ref idref="fl-f8"/>
      </object_component>
      <object_component id="oc-25a">
         <name>.text:USBRingBufInit</name>
         <load_address>0x528e</load_address>
         <run_address>0x528e</run_address>
         <size>0xc</size>
         <input_file_ref idref="fl-eb"/>
      </object_component>
      <object_component id="oc-6e">
         <name>.text:decompress:ZI:__TI_zero_init</name>
         <load_address>0x529a</load_address>
         <run_address>0x529a</run_address>
         <size>0xc</size>
         <input_file_ref idref="fl-c5"/>
      </object_component>
      <object_component id="oc-37f">
         <name>.text:USBClockEnable</name>
         <load_address>0x52a6</load_address>
         <run_address>0x52a6</run_address>
         <size>0xa</size>
         <input_file_ref idref="fl-f8"/>
      </object_component>
      <object_component id="oc-50e">
         <name>.text:USBControllerVersion</name>
         <load_address>0x52b0</load_address>
         <run_address>0x52b0</run_address>
         <size>0xa</size>
         <input_file_ref idref="fl-f8"/>
      </object_component>
      <object_component id="oc-719">
         <name>.text:USBDMAChannelAddressSet</name>
         <load_address>0x52ba</load_address>
         <run_address>0x52ba</run_address>
         <size>0xa</size>
         <input_file_ref idref="fl-f8"/>
      </object_component>
      <object_component id="oc-71f">
         <name>.text:USBDMAChannelCountSet</name>
         <load_address>0x52c4</load_address>
         <run_address>0x52c4</run_address>
         <size>0xa</size>
         <input_file_ref idref="fl-f8"/>
      </object_component>
      <object_component id="oc-3c7">
         <name>.text:USBDevConnect</name>
         <load_address>0x52ce</load_address>
         <run_address>0x52ce</run_address>
         <size>0xa</size>
         <input_file_ref idref="fl-f8"/>
      </object_component>
      <object_component id="oc-154">
         <name>.text:USBDevDisconnect</name>
         <load_address>0x52d8</load_address>
         <run_address>0x52d8</run_address>
         <size>0xa</size>
         <input_file_ref idref="fl-f8"/>
      </object_component>
      <object_component id="oc-148">
         <name>.text:USBIntStatusEndpoint</name>
         <load_address>0x52e2</load_address>
         <run_address>0x52e2</run_address>
         <size>0xa</size>
         <input_file_ref idref="fl-f8"/>
      </object_component>
      <object_component id="oc-75e">
         <name>.text:_outc</name>
         <load_address>0x52ec</load_address>
         <run_address>0x52ec</run_address>
         <size>0xa</size>
         <input_file_ref idref="fl-c2"/>
      </object_component>
      <object_component id="oc-39d">
         <name>.text:USBDevMode</name>
         <load_address>0x52f6</load_address>
         <run_address>0x52f6</run_address>
         <size>0x8</size>
         <input_file_ref idref="fl-f8"/>
      </object_component>
      <object_component id="oc-6db">
         <name>.text:USBFIFOAddrGet</name>
         <load_address>0x52fe</load_address>
         <run_address>0x52fe</run_address>
         <size>0x8</size>
         <input_file_ref idref="fl-f8"/>
      </object_component>
      <object_component id="oc-397">
         <name>.text:USBOTGMode</name>
         <load_address>0x5306</load_address>
         <run_address>0x5306</run_address>
         <size>0x8</size>
         <input_file_ref idref="fl-f8"/>
      </object_component>
      <object_component id="oc-819">
         <name>.text:__aeabi_errno_addr</name>
         <load_address>0x5310</load_address>
         <run_address>0x5310</run_address>
         <size>0x8</size>
         <input_file_ref idref="fl-e0"/>
      </object_component>
      <object_component id="oc-589">
         <name>.text:iDMAUSBChannelIntDisable</name>
         <load_address>0x5318</load_address>
         <run_address>0x5318</run_address>
         <size>0x8</size>
         <input_file_ref idref="fl-f2"/>
      </object_component>
      <object_component id="oc-583">
         <name>.text:iDMAUSBChannelIntEnable</name>
         <load_address>0x5320</load_address>
         <run_address>0x5320</run_address>
         <size>0x8</size>
         <input_file_ref idref="fl-f2"/>
      </object_component>
      <object_component id="oc-195">
         <name>.text:GPIOPinWrite</name>
         <load_address>0x5328</load_address>
         <run_address>0x5328</run_address>
         <size>0x6</size>
         <input_file_ref idref="fl-e5"/>
      </object_component>
      <object_component id="oc-24">
         <name>.text:ResetISR</name>
         <load_address>0x532e</load_address>
         <run_address>0x532e</run_address>
         <size>0x6</size>
         <input_file_ref idref="fl-2"/>
      </object_component>
      <object_component id="oc-406">
         <name>.text:USBBufferFlush</name>
         <load_address>0x5334</load_address>
         <run_address>0x5334</run_address>
         <size>0x6</size>
         <input_file_ref idref="fl-e9"/>
      </object_component>
      <object_component id="oc-5d4">
         <name>.text:USBBufferSpaceAvailable</name>
         <load_address>0x533a</load_address>
         <run_address>0x533a</run_address>
         <size>0x6</size>
         <input_file_ref idref="fl-e9"/>
      </object_component>
      <object_component id="oc-704">
         <name>.text:USBDMAChannelIntStatus</name>
         <load_address>0x5340</load_address>
         <run_address>0x5340</run_address>
         <size>0x6</size>
         <input_file_ref idref="fl-f8"/>
      </object_component>
      <object_component id="oc-3a9">
         <name>.text:USBDevLPMConfig</name>
         <load_address>0x5346</load_address>
         <run_address>0x5346</run_address>
         <size>0x6</size>
         <input_file_ref idref="fl-f8"/>
      </object_component>
      <object_component id="oc-13c">
         <name>.text:USBLPMIntStatus</name>
         <load_address>0x534c</load_address>
         <run_address>0x534c</run_address>
         <size>0x6</size>
         <input_file_ref idref="fl-f8"/>
      </object_component>
      <object_component id="oc-57d">
         <name>.text:iDMAUSBIntStatus</name>
         <load_address>0x5352</load_address>
         <run_address>0x5352</run_address>
         <size>0x6</size>
         <input_file_ref idref="fl-f2"/>
      </object_component>
      <object_component id="oc-559">
[...]
         <value>0x5335</value>
         <object_component_ref idref="oc-406"/>
      </symbol>
      <symbol id="sm-7d4">
         <name>g_iUSBMode</name>
         <value>0x20000d84</value>
         <object_component_ref idref="oc-262"/>
      </symbol>
      <symbol id="sm-7d5">
         <name>USBStackModeSet</name>
         <value>0x4c31</value>
         <object_component_ref idref="oc-17d"/>
      </symbol>
      <symbol id="sm-7d6">
         <name>g_ui32WaitTicks</name>
         <value>0x20000d88</value>
         <object_component_ref idref="oc-262"/>
      </symbol>
      <symbol id="sm-844">
         <name>USBRingBufWrite</name>
         <value>0x4e0d</value>
         <object_component_ref idref="oc-624"/>
      </symbol>
      <symbol id="sm-845">
         <name>USBRingBufContigUsed</name>
         <value>0x51c1</value>
         <object_component_ref idref="oc-77f"/>
      </symbol>
      <symbol id="sm-846">
         <name>USBRingBufFlush</name>
         <value>0x4ff9</value>
         <object_component_ref idref="oc-5f4"/>
      </symbol>
      <symbol id="sm-847">
         <name>USBRingBufAdvanceWrite</name>
         <value>0x4649</value>
         <object_component_ref idref="oc-618"/>
      </symbol>
      <symbol id="sm-848">
         <name>USBRingBufWriteOne</name>
         <value>0x51d1</value>
         <object_component_ref idref="oc-789"/>
      </symbol>
      <symbol id="sm-849">
         <name>USBRingBufUsed</name>
         <value>0x500f</value>
         <object_component_ref idref="oc-5fd"/>
      </symbol>
      <symbol id="sm-84a">
         <name>USBRingBufFree</name>
         <value>0x515b</value>
         <object_component_ref idref="oc-61e"/>
      </symbol>
      <symbol id="sm-84b">
         <name>USBRingBufAdvanceRead</name>
         <value>0x4d1f</value>
         <object_component_ref idref="oc-604"/>
      </symbol>
      <symbol id="sm-84c">
         <name>USBRingBufInit</name>
         <value>0x528f</value>
         <object_component_ref idref="oc-25a"/>
      </symbol>
      <symbol id="sm-84d">
         <name>USBRingBufContigFree</name>
         <value>0x4d5d</value>
         <object_component_ref idref="oc-611"/>
      </symbol>
      <symbol id="sm-885">
         <name>g_pfnTickHandlers</name>
         <value>0x20000820</value>
      </symbol>
      <symbol id="sm-886">
         <name>g_pvTickInstance</name>
         <value>0x20000838</value>
      </symbol>
      <symbol id="sm-887">
         <name>g_ui32USBSOFCount</name>
         <value>0x20000d80</value>
         <object_component_ref idref="oc-160"/>
      </symbol>
      <symbol id="sm-888">
         <name>g_bUSBTimerInitialized</name>
         <value>0x20000d78</value>
         <object_component_ref idref="oc-160"/>
      </symbol>
      <symbol id="sm-889">
         <name>g_ui32CurrentUSBTick</name>
         <value>0x20000d7c</value>
         <object_component_ref idref="oc-160"/>
      </symbol>
      <symbol id="sm-88a">
         <name>InternalUSBStartOfFrameTick</name>
         <value>0x4569</value>
         <object_component_ref idref="oc-136"/>
      </symbol>
      <symbol id="sm-88b">
         <name>InternalUSBRegisterTickHandler</name>
         <value>0x4531</value>
         <object_component_ref idref="oc-360"/>
      </symbol>
      <symbol id="sm-88c">
         <name>InternalUSBTickInit</name>
         <value>0x48e5</value>
         <object_component_ref idref="oc-35a"/>
      </symbol>
      <symbol id="sm-96f">
         <name>USBDBulkTxPacketAvailable</name>
         <value>0x5079</value>
         <object_component_ref idref="oc-2b9"/>
      </symbol>
      <symbol id="sm-970">
         <name>USBDBulkCompositeInit</name>
         <value>0x2b21</value>
         <object_component_ref idref="oc-269"/>
      </symbol>
      <symbol id="sm-971">
         <name>g_sBulkInterfaceSection</name>
         <value>0x5578</value>
         <object_component_ref idref="oc-369"/>
      </symbol>
      <symbol id="sm-972">
         <name>g_sBulkConfigHeaderHS</name>
         <value>0x5590</value>
         <object_component_ref idref="oc-369"/>
      </symbol>
      <symbol id="sm-973">
         <name>g_psBulkSections</name>
         <value>0x20000d38</value>
         <object_component_ref idref="oc-275"/>
      </symbol>
      <symbol id="sm-974">
         <name>g_ppBulkConfigDescriptors</name>
         <value>0x5598</value>
         <object_component_ref idref="oc-369"/>
      </symbol>
      <symbol id="sm-975">
         <name>g_sBulkConfigSection</name>
         <value>0x5570</value>
         <object_component_ref idref="oc-369"/>
      </symbol>
      <symbol id="sm-976">
         <name>g_ppBulkConfigDescriptorsHS</name>
         <value>0x559c</value>
         <object_component_ref idref="oc-369"/>
      </symbol>
      <symbol id="sm-977">
         <name>g_pui8BulkInterfaceHS</name>
         <value>0x55b7</value>
         <object_component_ref idref="oc-4f0"/>
      </symbol>
      <symbol id="sm-978">
         <name>USBDBulkInit</name>
         <value>0x43bd</value>
         <object_component_ref idref="oc-183"/>
      </symbol>
      <symbol id="sm-979">
         <name>g_psBulkSectionsHS</name>
         <value>0x20000d40</value>
         <object_component_ref idref="oc-275"/>
      </symbol>
      <symbol id="sm-97a">
         <name>g_pui8BulkDeviceDescriptor</name>
         <value>0x20000d1c</value>
         <object_component_ref idref="oc-275"/>
      </symbol>
      <symbol id="sm-97b">
         <name>g_pui8BulkInterface</name>
         <value>0x55a0</value>
         <object_component_ref idref="oc-4f0"/>
      </symbol>
      <symbol id="sm-97c">
         <name>USBDBulkRxPacketAvailable</name>
         <value>0x4c9b</value>
         <object_component_ref idref="oc-2d0"/>
      </symbol>
      <symbol id="sm-97d">
         <name>USBDBulkPacketRead</name>
         <value>0x343d</value>
         <object_component_ref idref="oc-2ca"/>
      </symbol>
      <symbol id="sm-97e">
         <name>g_sBulkHandlers</name>
         <value>0x5540</value>
         <object_component_ref idref="oc-366"/>
      </symbol>
      <symbol id="sm-97f">
         <name>g_sBulkInterfaceSectionHS</name>
         <value>0x5580</value>
         <object_component_ref idref="oc-369"/>
      </symbol>
      <symbol id="sm-980">
         <name>USBDBulkPacketWrite</name>
         <value>0x3bf5</value>
         <object_component_ref idref="oc-2b3"/>
      </symbol>
      <symbol id="sm-981">
         <name>g_pui8BulkDescriptor</name>
         <value>0x20000d2e</value>
         <object_component_ref idref="oc-275"/>
      </symbol>
      <symbol id="sm-982">
         <name>g_sBulkConfigHeader</name>
         <value>0x5588</value>
         <object_component_ref idref="oc-369"/>
      </symbol>
      <symbol id="sm-b14">
         <name>g_ppsDevInfo</name>
         <value>0x2000085c</value>
      </symbol>
      <symbol id="sm-b15">
         <name>USBDCDStallEP0</name>
         <value>0x4dd5</value>
         <object_component_ref idref="oc-316"/>
      </symbol>
      <symbol id="sm-b16">
         <name>USBDeviceEnumHandler</name>
         <value>0x26ad</value>
         <object_component_ref idref="oc-14e"/>
      </symbol>
      <symbol id="sm-b17">
         <name>USBDCDInit</name>
         <value>0x18c9</value>
         <object_component_ref idref="oc-26f"/>
      </symbol>
      <symbol id="sm-b18">
         <name>USBDeviceEnumResetHandler</name>
         <value>0x4191</value>
         <object_component_ref idref="oc-12a"/>
      </symbol>
      <symbol id="sm-b19">
         <name>g_psDCDInst</name>
         <value>0x20000790</value>
         <object_component_ref idref="oc-15d"/>
      </symbol>
      <symbol id="sm-b1a">
         <name>USBDCDFeatureGet</name>
         <value>0x4f3d</value>
         <object_component_ref idref="oc-34e"/>
      </symbol>
      <symbol id="sm-b1b">
         <name>USBDCDDeviceInfoInit</name>
         <value>0x42b1</value>
         <object_component_ref idref="oc-354"/>
      </symbol>
      <symbol id="sm-b1c">
         <name>USBDeviceIntHandlerInternal</name>
         <value>0x1b69</value>
         <object_component_ref idref="oc-c8"/>
      </symbol>
      <symbol id="sm-b1d">
         <name>USBDeviceResumeTickHandler</name>
         <value>0x3ee5</value>
         <object_component_ref idref="oc-130"/>
      </symbol>
      <symbol id="sm-b29">
         <name>USB0DeviceIntHandler</name>
         <value>0x4f0d</value>
         <object_component_ref idref="oc-48"/>
      </symbol>
      <symbol id="sm-b47">
         <name>USBDescGet</name>
         <value>0x49ff</value>
         <object_component_ref idref="oc-842"/>
      </symbol>
      <symbol id="sm-b48">
         <name>USBDescGetNum</name>
         <value>0x4ad5</value>
         <object_component_ref idref="oc-7b8"/>
      </symbol>
      <symbol id="sm-c8d">
         <name>USBLibDMAInit</name>
         <value>0x1769</value>
         <object_component_ref idref="oc-3b5"/>
      </symbol>
      <symbol id="sm-c9a">
         <name>ULPIConfigSet</name>
         <value>0x3d51</value>
         <object_component_ref idref="oc-38b"/>
      </symbol>
      <symbol id="sm-ceb">
         <name>USBDCDConfigDescGet</name>
         <value>0x3e95</value>
         <object_component_ref idref="oc-792"/>
      </symbol>
      <symbol id="sm-cec">
         <name>USBDCDConfigGetInterface</name>
         <value>0x4db7</value>
         <object_component_ref idref="oc-668"/>
      </symbol>
      <symbol id="sm-ced">
         <name>USBDCDConfigDescGetSize</name>
         <value>0x4e5f</value>
         <object_component_ref idref="oc-323"/>
      </symbol>
      <symbol id="sm-cee">
         <name>USBDCDConfigGetInterfaceEndpoint</name>
         <value>0x45d9</value>
         <object_component_ref idref="oc-798"/>
      </symbol>
      <symbol id="sm-cef">
         <name>USBDCDConfigDescGetNum</name>
         <value>0x4aab</value>
         <object_component_ref idref="oc-662"/>
      </symbol>
      <symbol id="sm-d3c">
         <name>USBDeviceConfigAlternate</name>
         <value>0x2f35</value>
         <object_component_ref idref="oc-66e"/>
      </symbol>
      <symbol id="sm-d3d">
         <name>USBDeviceConfig</name>
         <value>0x1cb9</value>
         <object_component_ref idref="oc-65a"/>
      </symbol>
      <symbol id="sm-d88">
         <name>uDMAChannelControlSet</name>
         <value>0x4c55</value>
         <object_component_ref idref="oc-693"/>
      </symbol>
      <symbol id="sm-d89">
         <name>uDMAChannelDisable</name>
         <value>0x4f9d</value>
         <object_component_ref idref="oc-6ad"/>
      </symbol>
      <symbol id="sm-d8a">
         <name>uDMAChannelModeGet</name>
         <value>0x4b79</value>
         <object_component_ref idref="oc-6d2"/>
      </symbol>
      <symbol id="sm-d8b">
         <name>uDMAChannelTransferSet</name>
         <value>0x3151</value>
         <object_component_ref idref="oc-6e1"/>
      </symbol>
      <symbol id="sm-d8c">
         <name>uDMAChannelAttributeDisable</name>
         <value>0x4221</value>
         <object_component_ref idref="oc-6a0"/>
      </symbol>
      <symbol id="sm-d8d">
         <name>uDMAChannelEnable</name>
         <value>0x4fb5</value>
         <object_component_ref idref="oc-6c6"/>
      </symbol>
      <symbol id="sm-f3c">
         <name>USBLPMIntEnable</name>
         <value>0x5283</value>
         <object_component_ref idref="oc-3af"/>
      </symbol>
      <symbol id="sm-f3d">
         <name>USBEndpointDataAvail</name>
         <value>0x4df1</value>
         <object_component_ref idref="oc-40d"/>
      </symbol>
      <symbol id="sm-f3e">
         <name>USBClockEnable</name>
         <value>0x52a7</value>
         <object_component_ref idref="oc-37f"/>
      </symbol>
      <symbol id="sm-f3f">
         <name>USBDevDisconnect</name>
         <value>0x52d9</value>
         <object_component_ref idref="oc-154"/>
      </symbol>
      <symbol id="sm-f40">
         <name>USBDevEndpointStallClear</name>
         <value>0x40fb</value>
         <object_component_ref idref="oc-648"/>
      </symbol>
      <symbol id="sm-f41">
         <name>USBEndpointDataPut</name>
         <value>0x4681</value>
         <object_component_ref idref="oc-329"/>
      </symbol>
      <symbol id="sm-f42">
         <name>USBDMAChannelIntStatus</name>
         <value>0x5341</value>
         <object_component_ref idref="oc-704"/>
      </symbol>
      <symbol id="sm-f43">
         <name>USBDevAddrSet</name>
         <value>0x535d</value>
         <object_component_ref idref="oc-222"/>
      </symbol>
      <symbol id="sm-f44">
         <name>USBDMAChannelCountSet</name>
         <value>0x52c5</value>
         <object_component_ref idref="oc-71f"/>
      </symbol>
      <symbol id="sm-f45">
         <name>USBLPMIntStatus</name>
         <value>0x534d</value>
         <object_component_ref idref="oc-13c"/>
      </symbol>
      <symbol id="sm-f46">
         <name>USBDMAChannelAddressSet</name>
         <value>0x52bb</value>
         <object_component_ref idref="oc-719"/>
      </symbol>
      <symbol id="sm-f47">
         <name>USBULPIDisable</name>
         <value>0x5235</value>
         <object_component_ref idref="oc-391"/>
      </symbol>
      <symbol id="sm-f48">
         <name>USBIntStatusControl</name>
         <value>0x4611</value>
         <object_component_ref idref="oc-c2"/>
      </symbol>
      <symbol id="sm-f49">
         <name>USBEndpointDMADisable</name>
         <value>0x4be9</value>
         <object_component_ref idref="oc-6a6"/>
      </symbol>
      <symbol id="sm-f4a">
         <name>USBDevEndpointDataAck</name>
         <value>0x4aff</value>
         <object_component_ref idref="oc-22e"/>
      </symbol>
      <symbol id="sm-f4b">
         <name>USBOTGMode</name>
         <value>0x5307</value>
         <object_component_ref idref="oc-397"/>
      </symbol>
      <symbol id="sm-f4c">
         <name>USBDMAChannelConfigSet</name>
         <value>0x508d</value>
         <object_component_ref idref="oc-725"/>
      </symbol>
      <symbol id="sm-f4d">
         <name>USBULPIRegRead</name>
         <value>0x4d7b</value>
         <object_component_ref idref="oc-4fa"/>
      </symbol>
      <symbol id="sm-f4e">
         <name>USBDevMode</name>
         <value>0x52f7</value>
         <object_component_ref idref="oc-39d"/>
      </symbol>
      <symbol id="sm-f4f">
         <name>USBIntEnableEndpoint</name>
         <value>0x4fe3</value>
         <object_component_ref idref="oc-3c1"/>
      </symbol>
      <symbol id="sm-f50">
         <name>USBEndpointDataGet</name>
         <value>0x4269</value>
         <object_component_ref idref="oc-228"/>
      </symbol>
      <symbol id="sm-f51">
         <name>USBDevEndpointStatusClear</name>
         <value>0x3b95</value>
         <object_component_ref idref="oc-21c"/>
      </symbol>
      <symbol id="sm-f52">
         <name>USBULPIEnable</name>
         <value>0x5243</value>
         <object_component_ref idref="oc-385"/>
      </symbol>
      <symbol id="sm-f53">
         <name>USBFIFOAddrGet</name>
         <value>0x52ff</value>
         <object_component_ref idref="oc-6db"/>
      </symbol>
      <symbol id="sm-f54">
         <name>USBDMAChannelStatus</name>
         <value>0x520b</value>
         <object_component_ref idref="oc-6fd"/>
      </symbol>
      <symbol id="sm-f55">
         <name>USBULPIRegWrite</name>
         <value>0x4d99</value>
         <object_component_ref idref="oc-500"/>
      </symbol>
      <symbol id="sm-f56">
         <name>USBDMAChannelIntEnable</name>
         <value>0x5149</value>
         <object_component_ref idref="oc-70b"/>
      </symbol>
      <symbol id="sm-f57">
         <name>USBDevLPMConfig</name>
         <value>0x5347</value>
         <object_component_ref idref="oc-3a9"/>
      </symbol>
      <symbol id="sm-f58">
         <name>USBDevLPMEnable</name>
         <value>0x5227</value>
         <object_component_ref idref="oc-142"/>
      </symbol>
      <symbol id="sm-f59">
         <name>USBControllerVersion</name>
         <value>0x52b1</value>
         <object_component_ref idref="oc-50e"/>
      </symbol>
      <symbol id="sm-f5a">
         <name>USBFIFOConfigSet</name>
         <value>0x44f7</value>
         <object_component_ref idref="oc-7b0"/>
      </symbol>
      <symbol id="sm-f5b">
         <name>USBEndpointDMAEnable</name>
         <value>0x4c0d</value>
         <object_component_ref idref="oc-6c0"/>
      </symbol>
      <symbol id="sm-f5c">
         <name>USBDevLPMDisable</name>
         <value>0x5219</value>
         <object_component_ref idref="oc-3a3"/>
      </symbol>
      <symbol id="sm-f5d">
         <name>USBEndpointDataSend</name>
         <value>0x4721</value>
         <object_component_ref idref="oc-32f"/>
      </symbol>
      <symbol id="sm-f5e">
         <name>USBIntStatusEndpoint</name>
         <value>0x52e3</value>
         <object_component_ref idref="oc-148"/>
      </symbol>
      <symbol id="sm-f5f">
         <name>USBEndpointStatus</name>
         <value>0x51b1</value>
         <object_component_ref idref="oc-216"/>
      </symbol>
      <symbol id="sm-f60">
         <name>USBEndpointPacketCountSet</name>
         <value>0x5277</value>
         <object_component_ref idref="oc-6e7"/>
      </symbol>
      <symbol id="sm-f61">
         <name>USBDMAChannelIntDisable</name>
         <value>0x5137</value>
         <object_component_ref idref="oc-712"/>
      </symbol>
      <symbol id="sm-f62">
         <name>USBEndpointDMAConfigSet</name>
         <value>0x3fcd</value>
         <object_component_ref idref="oc-6ed"/>
      </symbol>
      <symbol id="sm-f63">
         <name>USBDevEndpointStall</name>
         <value>0x4821</value>
         <object_component_ref idref="oc-469"/>
      </symbol>
      <symbol id="sm-f64">
         <name>USBDevConnect</name>
         <value>0x52cf</value>
         <object_component_ref idref="oc-3c7"/>
      </symbol>
      <symbol id="sm-f65">
         <name>USBDevEndpointConfigSet</name>
         <value>0x32cf</value>
         <object_component_ref idref="oc-7a4"/>
      </symbol>
      <symbol id="sm-f66">
         <name>USBDMAChannelDisable</name>
         <value>0x5113</value>
         <object_component_ref idref="oc-6f6"/>
      </symbol>
      <symbol id="sm-f67">
         <name>USBDMAChannelEnable</name>
         <value>0x5125</value>
         <object_component_ref idref="oc-72b"/>
      </symbol>
      <symbol id="sm-f68">
         <name>USBHostResume</name>
         <value>0x50a1</value>
         <object_component_ref idref="oc-207"/>
      </symbol>
      <symbol id="sm-f69">
         <name>USBIntEnableControl</name>
         <value>0x4b51</value>
         <object_component_ref idref="oc-3bb"/>
      </symbol>
      <symbol id="sm-f6a">
         <name>USBEndpointDMAChannel</name>
         <value>0x4e79</value>
         <object_component_ref idref="oc-69a"/>
      </symbol>
      <symbol id="sm-f6b">
         <name>__TI_static_base__</name>
         <value>0x0</value>
      </symbol>
      <symbol id="sm-f6e">
         <name>__mpu_init</name>
         <value>0x0</value>
      </symbol>
      <symbol id="sm-f6f">
         <name>_system_post_cinit</name>
         <value>0x0</value>
      </symbol>
   </symbol_table>
   <title>Link successful</title>
</link_info>
